{
  "version": "1.5.0",
  "plugins_used": [
    {
      "name": "ArtifactoryDetector"
    },
    {
      "name": "AWSKeyDetector"
    },
    {
      "name": "AzureStorageKeyDetector"
    },
    {
      "name": "Base64HighEntropyString",
      "limit": 4.5
    },
    {
      "name": "BasicAuthDetector"
    },
    {
      "name": "CloudantDetector"
    },
    {
      "name": "DiscordBotTokenDetector"
    },
    {
      "name": "GitHubTokenDetector"
    },
    {
      "name": "GitLabTokenDetector"
    },
    {
      "name": "HexHighEntropyString",
      "limit": 3.0
    },
    {
      "name": "IbmCloudIamDetector"
    },
    {
      "name": "IbmCosHmacDetector"
    },
    {
      "name": "IPPublicDetector"
    },
    {
      "name": "JwtTokenDetector"
    },
    {
      "name": "KeywordDetector",
      "keyword_exclude": ""
    },
    {
      "name": "MailchimpDetector"
    },
    {
      "name": "NpmDetector"
    },
    {
      "name": "OpenAIDetector"
    },
    {
      "name": "PrivateKeyDetector"
    },
    {
      "name": "PypiTokenDetector"
    },
    {
      "name": "SendGridDetector"
    },
    {
      "name": "SlackDetector"
    },
    {
      "name": "SoftlayerDetector"
    },
    {
      "name": "SquareOAuthDetector"
    },
    {
      "name": "StripeDetector"
    },
    {
      "name": "TelegramBotTokenDetector"
    },
    {
      "name": "TwilioKeyDetector"
    }
  ],
  "filters_used": [
    {
      "path": "detect_secrets.filters.allowlist.is_line_allowlisted"
    },
    {
      "path": "detect_secrets.filters.common.is_baseline_file",
      "filename": ".secrets.baseline"
    },
    {
      "path": "detect_secrets.filters.heuristic.is_indirect_reference"
    },
    {
      "path": "detect_secrets.filters.heuristic.is_likely_id_string"
    },
    {
      "path": "detect_secrets.filters.heuristic.is_lock_file"
    },
    {
      "path": "detect_secrets.filters.heuristic.is_not_alphanumeric_string"
    },
    {
      "path": "detect_secrets.filters.heuristic.is_potential_uuid"
    },
    {
      "path": "detect_secrets.filters.heuristic.is_prefixed_with_dollar_sign"
    },
    {
      "path": "detect_secrets.filters.heuristic.is_sequential_string"
    },
    {
      "path": "detect_secrets.filters.heuristic.is_swagger_file"
    },
    {
      "path": "detect_secrets.filters.heuristic.is_templated_secret"
    },
    {
      "path": "detect_secrets.filters.regex.should_exclude_file",
      "pattern": [
        "(^|/)(\\.git|\\.venv|\\.mypy_cache|\\.pytest_cache|\\.ruff_cache|\\.hypothesis|artifacts|build|dist|mutants)(/|$)|(^|/)(coverage\\.xml|\\.secrets\\.baseline)$"
      ]
    }
  ],
  "results": {
    "test-data/fixtures/integration/openinference-scenarios.otlp.provenance.json": [
      {
        "type": "Hex High Entropy String",
        "filename": "test-data/fixtures/integration/openinference-scenarios.otlp.provenance.json",
        "hashed_secret": "4746add14d2ee66ffc3090f8c288cc83b6193f63",
        "is_verified": false,
        "line_number": 4
      },
      {
        "type": "Hex High Entropy String",
        "filename": "test-data/fixtures/integration/openinference-scenarios.otlp.provenance.json",
        "hashed_secret": "698f0eb2661adef2aa3d85c1d511146bcab835c4",
        "is_verified": false,
        "line_number": 45
      }
    ],
    "test-data/fixtures/integration/otel-demo-3.0.0.otlp.json": [
      {
        "type": "Hex High Entropy String",
        "filename": "test-data/fixtures/integration/otel-demo-3.0.0.otlp.json",
        "hashed_secret": "6bccd009a29d00cb1a907599fc56631baadca335",
        "is_verified": false,
        "line_number": 49
      },
      {
        "type": "Hex High Entropy String",
        "filename": "test-data/fixtures/integration/otel-demo-3.0.0.otlp.json",
        "hashed_secret": "e2b5ab6d6628a65d284a4d5943ddc6cae3bef2f3",
        "is_verified": false,
        "line_number": 54
      },
      {
        "type": "Hex High Entropy String",
        "filename": "test-data/fixtures/integration/otel-demo-3.0.0.otlp.json",
        "hashed_secret": "a80494e253b132d82a9a5fc4974e59db33eeffdd",
        "is_verified": false,
        "line_number": 107
      },
      {
        "type": "Hex High Entropy String",
        "filename": "test-data/fixtures/integration/otel-demo-3.0.0.otlp.json",
        "hashed_secret": "5f428bb4716c02066815d936c117f46e4a249d6d",
        "is_verified": false,
        "line_number": 112
      },
      {
        "type": "Hex High Entropy String",
        "filename": "test-data/fixtures/integration/otel-demo-3.0.0.otlp.json",
        "hashed_secret": "41e5ae0422d1bba9a17a3b1d2609cf582c09c7fc",
        "is_verified": false,
        "line_number": 164
      },
      {
        "type": "Hex High Entropy String",
        "filename": "test-data/fixtures/integration/otel-demo-3.0.0.otlp.json",
        "hashed_secret": "f1d8a15c4f7584d6099b2c55d2d29be40f99e9c3",
        "is_verified": false,
        "line_number": 165
      },
      {
        "type": "Hex High Entropy String",
        "filename": "test-data/fixtures/integration/otel-demo-3.0.0.otlp.json",
        "hashed_secret": "740ee47dcdc35cefb7e96e67a01d7b6d753c4929",
        "is_verified": false,
        "line_number": 170
      },
      {
        "type": "Hex High Entropy String",
        "filename": "test-data/fixtures/integration/otel-demo-3.0.0.otlp.json",
        "hashed_secret": "4108a485f5701b2a9ea0490ee102e0bdb59be823",
        "is_verified": false,
        "line_number": 177
      },
      {
        "type": "Hex High Entropy String",
        "filename": "test-data/fixtures/integration/otel-demo-3.0.0.otlp.json",
        "hashed_secret": "4011b0b3276aa8a5db90de10c97cf3b220d8d64b",
        "is_verified": false,
        "line_number": 178
      },
      {
        "type": "Hex High Entropy String",
        "filename": "test-data/fixtures/integration/otel-demo-3.0.0.otlp.json",
        "hashed_secret": "a0af0a6880f994d7cfdff1a21ad0c07eea401ef1",
        "is_verified": false,
        "line_number": 190
      },
      {
        "type": "Hex High Entropy String",
        "filename": "test-data/fixtures/integration/otel-demo-3.0.0.otlp.json",
        "hashed_secret": "d24901af3a7d7014d8bde7515fb1abd79556d30f",
        "is_verified": false,
        "line_number": 191
      },
      {
        "type": "Hex High Entropy String",
        "filename": "test-data/fixtures/integration/otel-demo-3.0.0.otlp.json",
        "hashed_secret": "f49712bbde70856be764cffc5e8ad194a5bd6530",
        "is_verified": false,
        "line_number": 196
      },
      {
        "type": "Hex High Entropy String",
        "filename": "test-data/fixtures/integration/otel-demo-3.0.0.otlp.json",
        "hashed_secret": "62deb7e53394d088099e422c481aa0a360e2446d",
        "is_verified": false,
        "line_number": 210
      },
      {
        "type": "Hex High Entropy String",
        "filename": "test-data/fixtures/integration/otel-demo-3.0.0.otlp.json",
        "hashed_secret": "aa48515a12ecc3bb3aebc7994b00ac9ed3a92b9a",
        "is_verified": false,
        "line_number": 223
      },
      {
        "type": "Hex High Entropy String",
        "filename": "test-data/fixtures/integration/otel-demo-3.0.0.otlp.json",
        "hashed_secret": "2c2a070f42ca6cbbd5d652ff7e0b991ae040d3fd",
        "is_verified": false,
        "line_number": 244
      },
      {
        "type": "Hex High Entropy String",
        "filename": "test-data/fixtures/integration/otel-demo-3.0.0.otlp.json",
        "hashed_secret": "f9672ceb6c571615b837fa47dd42bd1ce3b6f634",
        "is_verified": false,
        "line_number": 257
      },
      {
        "type": "Hex High Entropy String",
        "filename": "test-data/fixtures/integration/otel-demo-3.0.0.otlp.json",
        "hashed_secret": "f7f52bb9839ceb8b9767b782ac8deaa29ddc01d4",
        "is_verified": false,
        "line_number": 270
      },
      {
        "type": "Hex High Entropy String",
        "filename": "test-data/fixtures/integration/otel-demo-3.0.0.otlp.json",
        "hashed_secret": "6680c3d6f6575bab719e2d344c1cd8360ad8ba63",
        "is_verified": false,
        "line_number": 348
      },
      {
        "type": "Hex High Entropy String",
        "filename": "test-data/fixtures/integration/otel-demo-3.0.0.otlp.json",
        "hashed_secret": "45c84fff0a6e53fa88d755f4a6529a7b5c2f0028",
        "is_verified": false,
        "line_number": 349
      },
      {
        "type": "Hex High Entropy String",
        "filename": "test-data/fixtures/integration/otel-demo-3.0.0.otlp.json",
        "hashed_secret": "0e280481866a3f10fd874de1f376771b634a6795",
        "is_verified": false,
        "line_number": 354
      },
      {
        "type": "Hex High Entropy String",
        "filename": "test-data/fixtures/integration/otel-demo-3.0.0.otlp.json",
        "hashed_secret": "149577195c231be6c0b06f4db0a728cc2ffff999",
        "is_verified": false,
        "line_number": 387
      },
      {
        "type": "Hex High Entropy String",
        "filename": "test-data/fixtures/integration/otel-demo-3.0.0.otlp.json",
        "hashed_secret": "3ccb81ba7a2ffc4dc15d8c27f56070aaee2df447",
        "is_verified": false,
        "line_number": 388
      },
      {
        "type": "Hex High Entropy String",
        "filename": "test-data/fixtures/integration/otel-demo-3.0.0.otlp.json",
        "hashed_secret": "138e7f00ce6c200ed63c83d9eabcf1e6da06f40f",
        "is_verified": false,
        "line_number": 445
      },
      {
        "type": "Hex High Entropy String",
        "filename": "test-data/fixtures/integration/otel-demo-3.0.0.otlp.json",
        "hashed_secret": "3084cb29b150904528a92270eee891ab229b61e1",
        "is_verified": false,
        "line_number": 446
      },
      {
        "type": "Hex High Entropy String",
        "filename": "test-data/fixtures/integration/otel-demo-3.0.0.otlp.json",
        "hashed_secret": "ac49aa9a3b2bd5d4707a2cb1c57728000c315b30",
        "is_verified": false,
        "line_number": 459
      },
      {
        "type": "Hex High Entropy String",
        "filename": "test-data/fixtures/integration/otel-demo-3.0.0.otlp.json",
        "hashed_secret": "04d2968012a1c750905ebb38f1a69bd27a69e457",
        "is_verified": false,
        "line_number": 516
      },
      {
        "type": "Hex High Entropy String",
        "filename": "test-data/fixtures/integration/otel-demo-3.0.0.otlp.json",
        "hashed_secret": "42f2bcbc9dd738941d92243cc694904e696fc286",
        "is_verified": false,
        "line_number": 517
      },
      {
        "type": "Hex High Entropy String",
        "filename": "test-data/fixtures/integration/otel-demo-3.0.0.otlp.json",
        "hashed_secret": "79b901bcb78e9b0bac4d97c94db84bf17dc49e8d",
        "is_verified": false,
        "line_number": 536
      },
      {
        "type": "Hex High Entropy String",
        "filename": "test-data/fixtures/integration/otel-demo-3.0.0.otlp.json",
        "hashed_secret": "54554e1603c4fea0cb251c49a78f48071921b745",
        "is_verified": false,
        "line_number": 607
      },
      {
        "type": "Hex High Entropy String",
        "filename": "test-data/fixtures/integration/otel-demo-3.0.0.otlp.json",
        "hashed_secret": "c1f33bb976a6fc2bef1dae87d16200e234bef73f",
        "is_verified": false,
        "line_number": 628
      },
      {
        "type": "Hex High Entropy String",
        "filename": "test-data/fixtures/integration/otel-demo-3.0.0.otlp.json",
        "hashed_secret": "c5e2ea5232ca2886dde006ea5bcea3c2aff79c34",
        "is_verified": false,
        "line_number": 648
      },
      {
        "type": "Hex High Entropy String",
        "filename": "test-data/fixtures/integration/otel-demo-3.0.0.otlp.json",
        "hashed_secret": "bb2986efd8f9ed48b72f688305528fdf6c1ae8a1",
        "is_verified": false,
        "line_number": 649
      },
      {
        "type": "Hex High Entropy String",
        "filename": "test-data/fixtures/integration/otel-demo-3.0.0.otlp.json",
        "hashed_secret": "326534a926c762f79b1fc8df48c188b0da259ead",
        "is_verified": false,
        "line_number": 661
      },
      {
        "type": "Hex High Entropy String",
        "filename": "test-data/fixtures/integration/otel-demo-3.0.0.otlp.json",
        "hashed_secret": "728a7a4ec367c7c9c2884eadada35a8e367e846e",
        "is_verified": false,
        "line_number": 722
      },
      {
        "type": "Hex High Entropy String",
        "filename": "test-data/fixtures/integration/otel-demo-3.0.0.otlp.json",
        "hashed_secret": "b484f43dacd38e8d11f169bd116e9a4d6fc30e38",
        "is_verified": false,
        "line_number": 735
      },
      {
        "type": "Hex High Entropy String",
        "filename": "test-data/fixtures/integration/otel-demo-3.0.0.otlp.json",
        "hashed_secret": "39086db9f8abb42d81ccb5303a04fbaf06d83ff1",
        "is_verified": false,
        "line_number": 775
      },
      {
        "type": "Hex High Entropy String",
        "filename": "test-data/fixtures/integration/otel-demo-3.0.0.otlp.json",
        "hashed_secret": "b193e4c4b730aa134893a7192c7a79d01cbd5971",
        "is_verified": false,
        "line_number": 776
      },
      {
        "type": "Hex High Entropy String",
        "filename": "test-data/fixtures/integration/otel-demo-3.0.0.otlp.json",
        "hashed_secret": "a94a8065780e733d8b7f55d02f9058a2aced1691",
        "is_verified": false,
        "line_number": 855
      },
      {
        "type": "Hex High Entropy String",
        "filename": "test-data/fixtures/integration/otel-demo-3.0.0.otlp.json",
        "hashed_secret": "bd3e48c3d8c55a59cc6d4150a1e01a0011348173",
        "is_verified": false,
        "line_number": 868
      },
      {
        "type": "Hex High Entropy String",
        "filename": "test-data/fixtures/integration/otel-demo-3.0.0.otlp.json",
        "hashed_secret": "8472066e405a852e75737e820e100e18764df50a",
        "is_verified": false,
        "line_number": 909
      },
      {
        "type": "Hex High Entropy String",
        "filename": "test-data/fixtures/integration/otel-demo-3.0.0.otlp.json",
        "hashed_secret": "12e01303915497ace50a99ca2d7af479cbbac9fa",
        "is_verified": false,
        "line_number": 968
      },
      {
        "type": "Hex High Entropy String",
        "filename": "test-data/fixtures/integration/otel-demo-3.0.0.otlp.json",
        "hashed_secret": "0c77456cb8baa754ecc2cbf759d9802d6ddf866c",
        "is_verified": false,
        "line_number": 981
      },
      {
        "type": "Hex High Entropy String",
        "filename": "test-data/fixtures/integration/otel-demo-3.0.0.otlp.json",
        "hashed_secret": "9320ca65a6d44ca3b1665df64b2c19117c4f68e5",
        "is_verified": false,
        "line_number": 993
      },
      {
        "type": "Hex High Entropy String",
        "filename": "test-data/fixtures/integration/otel-demo-3.0.0.otlp.json",
        "hashed_secret": "0abc6a992cf2d29887b89a8ec31fb7463884c6f8",
        "is_verified": false,
        "line_number": 1045
      },
      {
        "type": "Hex High Entropy String",
        "filename": "test-data/fixtures/integration/otel-demo-3.0.0.otlp.json",
        "hashed_secret": "63279be1c4a0af94c14a7db5fd581dbfc2b99bca",
        "is_verified": false,
        "line_number": 1046
      },
      {
        "type": "Hex High Entropy String",
        "filename": "test-data/fixtures/integration/otel-demo-3.0.0.otlp.json",
        "hashed_secret": "b1a91cb5813cdf37c4b7161fb848fca19dd81b89",
        "is_verified": false,
        "line_number": 1222
      },
      {
        "type": "Hex High Entropy String",
        "filename": "test-data/fixtures/integration/otel-demo-3.0.0.otlp.json",
        "hashed_secret": "bddf8aab95ce18f42de2f95101fdb1230cb459cb",
        "is_verified": false,
        "line_number": 1223
      },
      {
        "type": "Hex High Entropy String",
        "filename": "test-data/fixtures/integration/otel-demo-3.0.0.otlp.json",
        "hashed_secret": "85bd7bfcfd756c3eda335b39166546f275470b5a",
        "is_verified": false,
        "line_number": 1244
      },
      {
        "type": "Hex High Entropy String",
        "filename": "test-data/fixtures/integration/otel-demo-3.0.0.otlp.json",
        "hashed_secret": "53233857edecb72b541197d1fcf9b8721ff212f4",
        "is_verified": false,
        "line_number": 1298
      }
    ],
    "test-data/fixtures/integration/otel-demo-3.0.0.otlp.provenance.json": [
      {
        "type": "Hex High Entropy String",
        "filename": "test-data/fixtures/integration/otel-demo-3.0.0.otlp.provenance.json",
        "hashed_secret": "30630eaa157c0558e6e0491e090c28732af59f10",
        "is_verified": false,
        "line_number": 4
      },
      {
        "type": "Hex High Entropy String",
        "filename": "test-data/fixtures/integration/otel-demo-3.0.0.otlp.provenance.json",
        "hashed_secret": "a13a4905f9df6c42ec17cb5f6f2ad3a3557a3a07",
        "is_verified": false,
        "line_number": 49
      }
    ],
    "test-data/openinference/provenance-template.json": [
      {
        "type": "Hex High Entropy String",
        "filename": "test-data/openinference/provenance-template.json",
        "hashed_secret": "698f0eb2661adef2aa3d85c1d511146bcab835c4",
        "is_verified": false,
        "line_number": 7
      }
    ],
    "test-data/opentelemetry-demo/provenance-template.json": [
      {
        "type": "Hex High Entropy String",
        "filename": "test-data/opentelemetry-demo/provenance-template.json",
        "hashed_secret": "a13a4905f9df6c42ec17cb5f6f2ad3a3557a3a07",
        "is_verified": false,
        "line_number": 7
      }
    ],
    "test-data/pins.json": [
      {
        "type": "Hex High Entropy String",
        "filename": "test-data/pins.json",
        "hashed_secret": "aa2e164de37eead474097119f2b92eed78664d3a",
        "is_verified": false,
        "line_number": 6
      },
      {
        "type": "Hex High Entropy String",
        "filename": "test-data/pins.json",
        "hashed_secret": "a13a4905f9df6c42ec17cb5f6f2ad3a3557a3a07",
        "is_verified": false,
        "line_number": 12
      },
      {
        "type": "Hex High Entropy String",
        "filename": "test-data/pins.json",
        "hashed_secret": "698f0eb2661adef2aa3d85c1d511146bcab835c4",
        "is_verified": false,
        "line_number": 30
      }
    ],
    "tests_functional/fixtures/otlp_trace.json": [
      {
        "type": "Hex High Entropy String",
        "filename": "tests_functional/fixtures/otlp_trace.json",
        "hashed_secret": "e237e355d7fd7dc81bc261601f89899b135cf2e2",
        "is_verified": false,
        "line_number": 49
      }
    ],
    "tests_functional/fixtures/otlp_trace.provenance.json": [
      {
        "type": "Hex High Entropy String",
        "filename": "tests_functional/fixtures/otlp_trace.provenance.json",
        "hashed_secret": "ea5027b7d5f807b216ed991f5e2df931c6fd05b7",
        "is_verified": false,
        "line_number": 4
      }
    ],
    "tests_functional/test_validation_privacy_and_safety.py": [
      {
        "type": "Secret Keyword",
        "filename": "tests_functional/test_validation_privacy_and_safety.py",
        "hashed_secret": "f8a1bb6553824c877304fb13b513438b67da7b30",
        "is_verified": false,
        "line_number": 212
      }
    ],
    "tests_integration/fixtures/otlp/golden/edge-cases.otlp.provenance.json": [
      {
        "type": "Hex High Entropy String",
        "filename": "tests_integration/fixtures/otlp/golden/edge-cases.otlp.provenance.json",
        "hashed_secret": "eb95068cc42a3a4ec87c0562f58b8bd1a6f1e14a",
        "is_verified": false,
        "line_number": 4
      }
    ],
    "tests_unit/test_trace_corpus.py": [
      {
        "type": "Hex High Entropy String",
        "filename": "tests_unit/test_trace_corpus.py",
        "hashed_secret": "a13a4905f9df6c42ec17cb5f6f2ad3a3557a3a07",
        "is_verified": false,
        "line_number": 674
      },
      {
        "type": "Hex High Entropy String",
        "filename": "tests_unit/test_trace_corpus.py",
        "hashed_secret": "698f0eb2661adef2aa3d85c1d511146bcab835c4",
        "is_verified": false,
        "line_number": 914
      }
    ]
  },
  "generated_at": "2026-08-07T19:57:20Z"
}
